20:57:59 **** Incremental Build of configuration Debug for project test0918 ****
make pre-build main-build 
a9-linaro-pre-build-step
' '
'Building file: ../src/helloworld.c'
'Invoking: ARM v7 gcc compiler'
arm-none-eabi-gcc -Wall -O0 -g3 -c -fmessage-length=0 -MT"src/helloworld.o" -mcpu=cortex-a9 -mfpu=vfpv3 -mfloat-abi=hard -I../../test0918_bsp/ps7_cortexa9_0/include -MMD -MP -MF"src/helloworld.d" -MT"src/helloworld.o" -o "src/helloworld.o" "../src/helloworld.c"
../src/helloworld.c: In function 'main':
../src/helloworld.c:73:9: warning: unused variable 'enc_test' [-Wunused-variable]
     int enc_test;
         ^~~~~~~~
'Finished building: ../src/helloworld.c'
' '
'Building target: test0918.elf'
'Invoking: ARM v7 gcc linker'
arm-none-eabi-gcc -mcpu=cortex-a9 -mfpu=vfpv3 -mfloat-abi=hard -Wl,-build-id=none -specs=Xilinx.spec -Wl,-T -Wl,../src/lscript.ld -L../../test0918_bsp/ps7_cortexa9_0/lib -o "test0918.elf"  ./src/helloworld.o ./src/myip.o ./src/platform.o   -Wl,--start-group,-lxil,-lgcc,-lc,--end-group
'Finished building target: test0918.elf'
' '
'Invoking: ARM v7 Print Size'
arm-none-eabi-size test0918.elf  |tee "test0918.elf.size"
   text	   data	    bss	    dec	    hex	filename
  71052	   2580	  23328	  96960	  17ac0	test0918.elf
'Finished building: test0918.elf.size'
' '

20:57:59 Build Finished (took 440ms)

